C51 COMPILER V9.60.7.0   MIAN                                                              10/20/2023 14:53:30 PAGE 1   


C51 COMPILER V9.60.7.0, COMPILATION OF MODULE MIAN
OBJECT MODULE PLACED IN .\Objects\mian.obj
COMPILER INVOKED BY: C:\Keil_v5\C51\BIN\C51.EXE mian.c OPTIMIZE(8,SPEED) BROWSE DEBUG OBJECTEXTEND PRINT(.\Listings\mian
                    -.lst) TABS(2) OBJECT(.\Objects\mian.obj)

line level    source

   1          #include <reg51.h>
   2          
   3          void c51_tmr0 (void);
   4          unsigned char state = 0;
   5          
   6          
   7          void main (void) {
   8   1        unsigned char code mensagem = 0xAA;
   9   1        
  10   1        TMOD = 0X01;
  11   1        TH0 = 0xEA;
  12   1        TL0 = 0x60;
  13   1        ET0 = 1;
  14   1        EA = 1; // interrup??o habilitada
  15   1        TR0 = 1 ; // dispara timer
  16   1        
  17   1        while (1) {
  18   2          P1 = (mensagem & (1<<state)) >> state;
  19   2          if(state == 7) state = 0;
  20   2        } // end of while
  21   1        
  22   1      } //end of main
  23          
  24          void c51_tmr0 (void) interrupt 1 {
  25   1        TL0 = 0x9C;
  26   1        TH0 = 0xFF;
  27   1        state++;
  28   1      } //end of c51_tmr0


MODULE INFORMATION:   STATIC OVERLAYABLE
   CODE SIZE        =     76    ----
   CONSTANT SIZE    =      1    ----
   XDATA SIZE       =   ----    ----
   PDATA SIZE       =   ----    ----
   DATA SIZE        =      1    ----
   IDATA SIZE       =   ----    ----
   BIT SIZE         =   ----    ----
END OF MODULE INFORMATION.


C51 COMPILATION COMPLETE.  0 WARNING(S),  0 ERROR(S)
