C51 COMPILER V9.60.7.0   MAIN                                                              10/20/2023 11:10:35 PAGE 1   


C51 COMPILER V9.60.7.0, COMPILATION OF MODULE MAIN
OBJECT MODULE PLACED IN .\Objects\main.obj
COMPILER INVOKED BY: C:\Keil_v5\C51\BIN\C51.EXE main.c OPTIMIZE(8,SPEED) BROWSE DEBUG OBJECTEXTEND PRINT(.\Listings\main
                    -.lst) TABS(2) OBJECT(.\Objects\main.obj)

line level    source

   1          #include <reg51.h>
   2          
   3          void c51_tmr0 (void);
   4          void c51_int1 (void);
   5          unsigned char state = 0;
   6          
   7          void main (void) {
   8   1        unsigned char code mensagem[]= "Microcontrolador";
   9   1        unsigned char code *ponteiro;
  10   1        unsigned char aux = 0;
  11   1        
  12   1        ponteiro = mensagem;
  13   1        TMOD = 0X02;
  14   1        
  15   1        TH0 = 0x5F;
  16   1        TL0 = 0x5F;
  17   1        
  18   1        ET0 = 1;
  19   1        
  20   1        EX1 = 1;
  21   1        IT1 = 1;
  22   1        
  23   1        EA = 1; // interrup??o habilitada
  24   1        
  25   1        TR0 = 1 ; // dispara timer
  26   1        
  27   1        while (1) {
  28   2          while (state != 1);
  29   2          state = 0;
  30   2          P1 = *(ponteiro+aux++);
  31   2          if (aux == 16) aux = 0;
  32   2        } // end of while
  33   1        
  34   1      } //end of main
  35          
  36          void c51_tmr0 (void) interrupt 1 {
  37   1        state++;
  38   1      } //end of c51_tmr0
  39          
  40          void c51_int1 (void) interrupt 2{
  41   1        TH0 = P2;
  42   1      }


MODULE INFORMATION:   STATIC OVERLAYABLE
   CODE SIZE        =     62    ----
   CONSTANT SIZE    =     17    ----
   XDATA SIZE       =   ----    ----
   PDATA SIZE       =   ----    ----
   DATA SIZE        =      1    ----
   IDATA SIZE       =   ----    ----
   BIT SIZE         =   ----    ----
END OF MODULE INFORMATION.


C51 COMPILATION COMPLETE.  0 WARNING(S),  0 ERROR(S)
