C51 COMPILER V9.60.7.0   MAIN                                                              10/24/2023 15:33:42 PAGE 1   


C51 COMPILER V9.60.7.0, COMPILATION OF MODULE MAIN
OBJECT MODULE PLACED IN .\Objects\main.obj
COMPILER INVOKED BY: C:\Keil_v5\C51\BIN\C51.EXE main.c OPTIMIZE(8,SPEED) BROWSE DEBUG OBJECTEXTEND PRINT(.\Listings\main
                    -.lst) TABS(2) OBJECT(.\Objects\main.obj)

line level    source

   1          #include <reg51.h>
   2          
   3          void serial(void); // protótipo de função
   4          unsigned char state = 0;
   5          
   6          void main (void) {
   7   1        unsigned char code mensagem[]= "Microcontrolador";
   8   1        unsigned char code *ponteiro;
   9   1        unsigned char aux = 0;
  10   1        
  11   1        ponteiro=mensagem;
  12   1        
  13   1        SCON = 0x40; // SCON: modo 1, 8-bit
  14   1        TMOD |= 0x20; // TMOD: timer 1, modo 2
  15   1        TH1 = 0xFD; // TH1: valor de recarga para 9600 baud; clk = 11,059 MHz
  16   1        TR1 = 1; // TR1: dispara timer
  17   1        ES = 1; EA = 1; // habilita interrupcao serial
  18   1        
  19   1        SBUF = *ponteiro; // envia µM'
  20   1        
  21   1        aux++;
  22   1        
  23   1        while (1) {
  24   2          while (state != 1); // aguarda interrupção serial
  25   2          state = 0; // indica atendimento interrupcao serial
  26   2          SBUF = *(ponteiro+aux++);
  27   2          if (aux == 16) aux = 0;
  28   2        } // end of while
  29   1      } // end of main
  30          void serial(void) interrupt 4 { // especifica tratador de interrupção serial (4)
  31   1        if (TI) { // testa se buffer de transmissão vazio
  32   2          TI=0; // limpa flag
  33   2          state = 1;
  34   2        } // end of if
  35   1      } // end of serial


MODULE INFORMATION:   STATIC OVERLAYABLE
   CODE SIZE        =     68    ----
   CONSTANT SIZE    =     17    ----
   XDATA SIZE       =   ----    ----
   PDATA SIZE       =   ----    ----
   DATA SIZE        =      1    ----
   IDATA SIZE       =   ----    ----
   BIT SIZE         =   ----    ----
END OF MODULE INFORMATION.


C51 COMPILATION COMPLETE.  0 WARNING(S),  0 ERROR(S)
